C:\Program Files (x86)\Odoo 11.0\server\odoo\addons\uss_download_excel\wizard\uss_download_excel.py
C:\Program Files (x86)\Odoo 11.0\server\odoo\addons\uss_download_excel\wizard\__init__.py
D:\SAI_Applications\Download-Excel\uss_exceldownload\wizard\__init__.py
D:\SAI_Applications\Download-Excel\uss_exceldownload\wizard\uss_download_excel.py
C:\Program Files (x86)\Odoo 10.0\server\odoo\addons\loginmis_finance\wizard\finance_expenses_costhead.py
C:\Program Files (x86)\Odoo 10.0\server\odoo\addons\loginmis_finance\wizard\__init__.py
C:\Program Files (x86)\Odoo 10.0\server\odoo\addons\loginmis_finance\wizard\finance_get_expenses.py
C:\Program Files (x86)\Odoo 10.0\server\odoo\addons\loginmis_finance\wizard\finance_expenses_country.py
C:\Program Files (x86)\Odoo 10.0\server\odoo\addons\loginmis_finance\wizard\finance_expenses_consultant.py
C:\Program Files (x86)\Odoo 10.0\server\odoo\addons\loginmis_finance\wizard\country_expense_table.py
C:\Program Files (x86)\Odoo 10.0\server\odoo\addons\sale\wizard\__init__.py
C:\Program Files (x86)\Odoo 10.0\server\odoo\addons\sale\wizard\sale_make_invoice_advance.py
C:\Program Files (x86)\Odoo 10.0\server\odoo\addons\sale\wizard\mail_compose_message.py
